â”€â”€â”€â”€â”€â”€â”€â”€â”€â”€â”€â”€â”€â”€â”€â”€â”€â”€â”€â”€â”€â”€â”€â”€â”€â”€â”€â”€â”€â”€â”€â”€â”€â”€â”€â”€â”€â”€â”€â”€â”€â”€â”€â”€â”€â”€â”€â”€â”€â”€â”€â”€â”€â”€â”€â”€â”€â”€â”€â”€â”€â”€â”€â”€â”€â”€â”€â”€â”€â”€â”€â”€â”€â”€â”€â”€â”€â”€
FIX: â€œfailed to read .env â€¦ unexpected characterâ€  
â”€â”€â”€â”€â”€â”€â”€â”€â”€â”€â”€â”€â”€â”€â”€â”€â”€â”€â”€â”€â”€â”€â”€â”€â”€â”€â”€â”€â”€â”€â”€â”€â”€â”€â”€â”€â”€â”€â”€â”€â”€â”€â”€â”€â”€â”€â”€â”€â”€â”€â”€â”€â”€â”€â”€â”€â”€â”€â”€â”€â”€â”€â”€â”€â”€â”€â”€â”€â”€â”€â”€â”€â”€â”€â”€â”€â”€â”€
Compose expects **ONLY** KEY=value lines in .env.  
Your .env has extra echo / emoji lines from copy-paste.

CLEAN .env (30 sec)
â”€â”€â”€â”€â”€â”€â”€â”€â”€â”€â”€â”€â”€â”€â”€â”€â”€â”€â”€
$ cd /opt/goldex-bot
$ cp .env .env.back         # safety copy

# open with nano
$ nano .env

Delete EVERYTHING except the three creds and optional vars, e.g.

DEMO_LOGIN=845638
DEMO_PASSWORD=GI7#scVJbBekrg
DEMO_SERVER=Coinexx-Demo
SYMBOL=XAUUSD

(no quotes, no spaces around â€œ=â€, one var per line, UTF-8 plain text)

Save & exit  (Ctrl-O â†’ Enter â†’ Ctrl-X).

RESTART COMPOSE
â”€â”€â”€â”€â”€â”€â”€â”€â”€â”€â”€â”€â”€â”€â”€
$ docker compose up -d
$ docker compose logs -f

You should now see:
  goldex  | âœ… Connected â€” Balance: $2,500.00

If you still get an .env error, run:
  $ cat -n .env
to show numbered lines and remove any stray characters.

Once logs show the green check the bot is finally live. ğŸš€
â”€â”€â”€â”€â”€â”€â”€â”€â”€â”€â”€â”€â”€â”€â”€â”€â”€â”€â”€â”€â”€â”€â”€â”€â”€â”€â”€â”€â”€â”€â”€â”€â”€â”€â”€â”€â”€â”€â”€â”€â”€â”€â”€â”€â”€â”€â”€â”€â”€â”€â”€â”€â”€â”€â”€â”€â”€â”€â”€â”€â”€â”€â”€â”€â”€â”€â”€â”€â”€â”€â”€â”€â”€â”€â”€â”€â”€â”€