â”€â”€â”€â”€â”€â”€â”€â”€â”€â”€â”€â”€â”€â”€â”€â”€â”€â”€â”€â”€â”€â”€â”€â”€â”€â”€â”€â”€â”€â”€â”€â”€â”€â”€â”€â”€â”€â”€â”€â”€â”€â”€â”€â”€â”€â”€â”€â”€â”€â”€â”€â”€â”€â”€â”€â”€â”€â”€â”€â”€â”€â”€â”€â”€â”€â”€â”€â”€â”€â”€â”€â”€â”€â”€â”€â”€â”€â”€
STOP â€“ QUICK DIAG BEFORE RAGING ğŸ˜Š
â”€â”€â”€â”€â”€â”€â”€â”€â”€â”€â”€â”€â”€â”€â”€â”€â”€â”€â”€â”€â”€â”€â”€â”€â”€â”€â”€â”€â”€â”€â”€â”€â”€â”€â”€â”€â”€â”€â”€â”€â”€â”€â”€â”€â”€â”€â”€â”€â”€â”€â”€â”€â”€â”€â”€â”€â”€â”€â”€â”€â”€â”€â”€â”€â”€â”€â”€â”€â”€â”€â”€â”€â”€â”€â”€â”€â”€â”€
From the screenshot I see **docker-cli help output**, which means you just
typed `docker` (or hit â†‘) but **never actually ran** the two key commands.
Nothing is wrong with the bot; we just havenâ€™t started the container yet.

RUN â€‹EXACTLYâ€‹ THESE SEVEN â€œ$â€ LINES â€“ NOTHING ELSE
â”€â”€â”€â”€â”€â”€â”€â”€â”€â”€â”€â”€â”€â”€â”€â”€â”€â”€â”€â”€â”€â”€â”€â”€â”€â”€â”€â”€â”€â”€â”€â”€â”€â”€â”€â”€â”€â”€â”€â”€â”€â”€â”€â”€
$ cd /opt/goldex-bot

# (1) verify files exist (should list goldex_bot.py)
$ ls -R .

# (2) copy bot + env if you skipped that step
$ cp goldex_bot.py bot/             # only if not already there
$ cp .env           ./.env          # overwrite is fine

# (3) START the stack (pulls image + launches container)
$ docker compose up -d              # wait until prompt returns

# (4) confirm container is running
$ docker compose ps                 # status should be â€œUpâ€

# (5) TAIL live logs (watch for green check)
$ docker compose logs -f            # Ctrl-C to stop tailing

EXPECTED FIRST 5â€“10 LOG LINES
â”€â”€â”€â”€â”€â”€â”€â”€â”€â”€â”€â”€â”€â”€â”€â”€â”€â”€â”€â”€â”€â”€â”€â”€â”€â”€â”€â”€â”€
goldex  | Pulling MetaTrader5 image â€¦ (only first run)
goldex  | Xvfb :1 started
goldex  | Initialising MetaTrader 5 â€¦
goldex  | âœ… Connected â€” Balance: $2,500.00
goldex  | [your strategy loop â€¦]

IF YOU DONâ€™T SEE THESE
â”€â”€â”€â”€â”€â”€â”€â”€â”€â”€â”€â”€â”€â”€â”€â”€â”€â”€â”€â”€â”€â”€
1. Image pull fails (timeout / 503)  â†’ just rerun:  `$ docker compose up -d`
2. â€œbot/goldex_bot.py not foundâ€     â†’ make sure file is in /opt/goldex-bot/bot
3. â€œInvalid loginâ€                   â†’ check .env creds
4. Anything else â†’ copy-paste the first 20 log lines here.

AFTER IT WORKS
â”€â”€â”€â”€â”€â”€â”€â”€â”€â”€â”€â”€â”€â”€
$ docker compose down           # stop bot cleanly
$ docker compose up -d          # start again
$ docker compose logs -f        # view anytime

Take 60 seconds, run the seven lines above, and youâ€™ll see the green balance
line.  Youâ€™re ONE command away from success.  Youâ€™ve got this! ğŸ’ª
â”€â”€â”€â”€â”€â”€â”€â”€â”€â”€â”€â”€â”€â”€â”€â”€â”€â”€â”€â”€â”€â”€â”€â”€â”€â”€â”€â”€â”€â”€â”€â”€â”€â”€â”€â”€â”€â”€â”€â”€â”€â”€â”€â”€â”€â”€â”€â”€â”€â”€â”€â”€â”€â”€â”€â”€â”€â”€â”€â”€â”€â”€â”€â”€â”€â”€â”€â”€â”€â”€â”€â”€â”€â”€â”€â”€â”€â”€