â”€â”€â”€â”€â”€â”€â”€â”€â”€â”€â”€â”€â”€â”€â”€â”€â”€â”€â”€â”€â”€â”€â”€â”€â”€â”€â”€â”€â”€â”€â”€â”€â”€â”€â”€â”€â”€â”€â”€â”€â”€â”€â”€â”€â”€â”€â”€â”€â”€â”€â”€â”€â”€â”€â”€â”€â”€â”€â”€â”€â”€â”€â”€â”€â”€â”€â”€â”€â”€â”€â”€â”€â”€â”€â”€â”€â”€â”€
RUN **ONLY** THE LINES THAT BEGIN WITH â€œ$â€  (COPY/PASTE ONE BLOCK)
â”€â”€â”€â”€â”€â”€â”€â”€â”€â”€â”€â”€â”€â”€â”€â”€â”€â”€â”€â”€â”€â”€â”€â”€â”€â”€â”€â”€â”€â”€â”€â”€â”€â”€â”€â”€â”€â”€â”€â”€â”€â”€â”€â”€â”€â”€â”€â”€â”€â”€â”€â”€â”€â”€â”€â”€â”€â”€â”€â”€â”€â”€â”€â”€â”€â”€â”€â”€â”€â”€â”€â”€â”€â”€â”€â”€â”€â”€
# â”€â”€â”€ 0. stay logged-in as root via SSH  â”€â”€â”€â”€â”€â”€â”€â”€â”€â”€â”€â”€â”€â”€â”€â”€â”€â”€â”€â”€â”€â”€â”€â”€â”€â”€â”€â”€â”€

# â”€â”€â”€ 1. point Wine to the prefix & update winetricks (30 s) â”€â”€â”€â”€â”€â”€â”€â”€â”€
$ export WINEPREFIX=$HOME/.wine
$ apt update -y && apt install -y winetricks cabextract
$ winetricks --self-update             # updates verb list

# â”€â”€â”€ 2. install the VC++ runtime (quiet, no GUI)  â”€â”€â”€â”€â”€â”€â”€â”€â”€â”€â”€â”€â”€â”€â”€â”€â”€â”€â”€
#     vcrun2019 includes the Universal CRT we need.
$ winetricks -q vcrun2019

#  >>> wait until the prompt returns; no output = success.

# â”€â”€â”€ 3. verify the runtime actually got installed  â”€â”€â”€â”€â”€â”€â”€â”€â”€â”€â”€â”€â”€â”€â”€â”€â”€â”€
$ winetricks list-installed | grep vcrun
# expected output:   vcrun2019

# â”€â”€â”€ 4. restart wineserver (flush old DLL cache)  â”€â”€â”€â”€â”€â”€â”€â”€â”€â”€â”€â”€â”€â”€â”€â”€â”€â”€â”€
$ wineserver -k && sleep 2

# â”€â”€â”€ 5. QUICK connectivity test (shows balance or clear error) â”€â”€â”€â”€â”€
$ DISPLAY=:1 wine C:\\opt\\goldex-bot\\winevenv\\Scripts\\python.exe - <<'PY'
import MetaTrader5 as mt5, os, sys
from dotenv import load_dotenv
load_dotenv('/opt/goldex-bot/.env')
ok = mt5.initialize(login=int(os.getenv('DEMO_LOGIN',0)),
                    password=os.getenv('DEMO_PASSWORD',''),
                    server=os.getenv('DEMO_SERVER',''))
print("âœ… Connected â€” Balance:", mt5.account_info().balance) if ok else \
      sys.exit(f"âŒ init failed: {mt5.last_error()}")
mt5.shutdown()
PY

# â”€â”€â”€ 6. if you see the âœ… line, start the bot inside tmux â”€â”€â”€â”€â”€â”€â”€â”€â”€â”€â”€â”€
$ tmux new -s goldex -d "export DISPLAY=:1 && wine C:\\opt\\goldex-bot\\winevenv\\Scripts\\python.exe C:\\opt\\goldex-bot\\goldex_bot.py"
$ echo 'ðŸš€  GoldexBot is now running inside tmux session "goldex".'

# â”€â”€â”€ 7. watch logs anytime â”€â”€â”€â”€â”€â”€â”€â”€â”€â”€â”€â”€â”€â”€â”€â”€â”€â”€â”€â”€â”€â”€â”€â”€â”€â”€â”€â”€â”€â”€â”€â”€â”€â”€â”€â”€â”€â”€â”€â”€â”€â”€
# $ tmux attach -t goldex       (Ctrl-b then d to detach)

DONE.
If step 5 still crashes with â€œfetestexceptâ€, copy-paste the *full* console
output so we can diagnose further.
â”€â”€â”€â”€â”€â”€â”€â”€â”€â”€â”€â”€â”€â”€â”€â”€â”€â”€â”€â”€â”€â”€â”€â”€â”€â”€â”€â”€â”€â”€â”€â”€â”€â”€â”€â”€â”€â”€â”€â”€â”€â”€â”€â”€â”€â”€â”€â”€â”€â”€â”€â”€â”€â”€â”€â”€â”€â”€â”€â”€â”€â”€â”€â”€â”€â”€â”€â”€â”€â”€â”€â”€â”€â”€â”€â”€â”€â”€