â”€â”€â”€â”€â”€â”€â”€â”€â”€â”€â”€â”€â”€â”€â”€â”€â”€â”€â”€â”€â”€â”€â”€â”€â”€â”€â”€â”€â”€â”€â”€â”€â”€â”€â”€â”€â”€â”€â”€â”€â”€â”€â”€â”€â”€â”€â”€â”€â”€â”€â”€â”€â”€â”€â”€â”€â”€â”€â”€â”€â”€â”€â”€â”€â”€â”€â”€â”€â”€â”€â”€â”€â”€â”€â”€â”€â”€â”€
WHY â€œdocker composeâ€ FAILED & 90-SECOND FIX
â”€â”€â”€â”€â”€â”€â”€â”€â”€â”€â”€â”€â”€â”€â”€â”€â”€â”€â”€â”€â”€â”€â”€â”€â”€â”€â”€â”€â”€â”€â”€â”€â”€â”€â”€â”€â”€â”€â”€â”€â”€â”€â”€â”€â”€â”€â”€â”€â”€â”€â”€â”€â”€â”€â”€â”€â”€â”€â”€â”€â”€â”€â”€â”€â”€â”€â”€â”€â”€â”€â”€â”€â”€â”€â”€â”€â”€â”€
1. Ubuntuâ€™s `docker.io` package ships **Docker Engine** only.  
   The Compose V2 plugin (command `docker compose â€¦`) is a **separate** pkg
   called `docker-compose-plugin`.

2. Letâ€™s install that plugin, then start the stack.

RUN THE $ COMMANDS BELOW
â”€â”€â”€â”€â”€â”€â”€â”€â”€â”€â”€â”€â”€â”€â”€â”€â”€â”€â”€â”€â”€â”€â”€â”€â”€â”€â”€â”€â”€â”€â”€â”€â”€â”€â”€â”€â”€â”€â”€â”€â”€â”€â”€â”€
$ apt update -y
$ apt install -y docker-compose-plugin      # adds /usr/libexec/docker/cli-plugins/docker-compose

# verify
$ docker compose version                    # should print â€œDocker Compose version v2.x.xâ€

# copy .env correctly (you missed the destination path)
$ cp .env /opt/goldex-bot/.env

# copy bot if not in /bot
$ cp goldex_bot.py /opt/goldex-bot/bot/

# START the container
$ cd /opt/goldex-bot
$ docker compose up -d                      # pulls image & starts bot

# Tail logs
$ docker compose logs -f                    # look for âœ… Connected â€” Balance

Thatâ€™s itâ€”installing `docker-compose-plugin` resolves the â€œunknown commandâ€
error.  Two minutes and youâ€™ll see your bot live. ğŸš€
â”€â”€â”€â”€â”€â”€â”€â”€â”€â”€â”€â”€â”€â”€â”€â”€â”€â”€â”€â”€â”€â”€â”€â”€â”€â”€â”€â”€â”€â”€â”€â”€â”€â”€â”€â”€â”€â”€â”€â”€â”€â”€â”€â”€â”€â”€â”€â”€â”€â”€â”€â”€â”€â”€â”€â”€â”€â”€â”€â”€â”€â”€â”€â”€â”€â”€â”€â”€â”€â”€â”€â”€â”€â”€â”€â”€â”€â”€