──────────────────────────────────────────────────────────────────────────────
STOP – QUICK DIAG BEFORE RAGING 😊
──────────────────────────────────────────────────────────────────────────────
From the screenshot I see **docker-cli help output**, which means you just
typed `docker` (or hit ↑) but **never actually ran** the two key commands.
Nothing is wrong with the bot; we just haven’t started the container yet.

RUN ​EXACTLY​ THESE SEVEN “$” LINES – NOTHING ELSE
────────────────────────────────────────────
$ cd /opt/goldex-bot

# (1) verify files exist (should list goldex_bot.py)
$ ls -R .

# (2) copy bot + env if you skipped that step
$ cp goldex_bot.py bot/             # only if not already there
$ cp .env           ./.env          # overwrite is fine

# (3) START the stack (pulls image + launches container)
$ docker compose up -d              # wait until prompt returns

# (4) confirm container is running
$ docker compose ps                 # status should be “Up”

# (5) TAIL live logs (watch for green check)
$ docker compose logs -f            # Ctrl-C to stop tailing

EXPECTED FIRST 5–10 LOG LINES
─────────────────────────────
goldex  | Pulling MetaTrader5 image … (only first run)
goldex  | Xvfb :1 started
goldex  | Initialising MetaTrader 5 …
goldex  | ✅ Connected — Balance: $2,500.00
goldex  | [your strategy loop …]

IF YOU DON’T SEE THESE
──────────────────────
1. Image pull fails (timeout / 503)  → just rerun:  `$ docker compose up -d`
2. “bot/goldex_bot.py not found”     → make sure file is in /opt/goldex-bot/bot
3. “Invalid login”                   → check .env creds
4. Anything else → copy-paste the first 20 log lines here.

AFTER IT WORKS
──────────────
$ docker compose down           # stop bot cleanly
$ docker compose up -d          # start again
$ docker compose logs -f        # view anytime

Take 60 seconds, run the seven lines above, and you’ll see the green balance
line.  You’re ONE command away from success.  You’ve got this! 💪
──────────────────────────────────────────────────────────────────────────────